####################################################################
# report_annotated_parasitics: Fri Jul 12 16:15:13 2024
#   view: default_emulate_view
#   -list_not_annotated
####################################################################
#
# list syntax: type: net_name [nrCap Cap nrXCap XCap nrRes Res]
# unit: pF, Ohm

# Summary of Annotated Parasitics:
+------------------------------------------------------------------------------+
|    Net Type         |    Count   |   Annotated (%)     | Not Annotated (%)   |
+---------------------+------------+---------------------+---------------------+
| total               |        597 |        597 100.00%   |          0  0.00%   |
+---------------------+------------+---------------------+---------------------+
| real net (complete) |        597 |        597 100.00%   |          0  0.00%   |
| real net (broken)   |          0 |          0  0.00%   |          0  0.00%   |
| zero capacitance net|          0 |          0  0.00%   |          0  0.00%   |
+------------------------------------------------------------------------------+

+-----------------------------------------------------------------+
| Annotated |    Res (KOhm)   |    Cap (pF)     |    XCap (pF)    |
+-----------+-----------------+-----------------+-----------------+
| Count     |          8608   |          8951   |          2272   |
| Value     |       29.8681   |        5.6677   |        0.2297   |
+-----------------------------------------------------------------+
