

Working Directory = /run/media/user1/c2s/sriram/singlePortRAM/07_singlePortRAM_Synthesis
QoS Summary for single_port_ram
==========================================================================================
Metric                          generic         map             syn_opt         final          
==========================================================================================
Slack (ps):                     2,181             725             725             725
  R2R (ps):                    10,907          11,066          10,547          10,547
  I2R (ps):                     3,040             725             725             725
  R2O (ps):                     2,181           2,187           1,573           1,573
  I2O (ps):                  no_value        no_value        no_value        no_value
  CG  (ps):                  no_value        no_value        no_value        no_value
TNS (ps):                           0               0               0               0
  R2R (ps):                         0               0               0               0
  I2R (ps):                         0               0               0               0
  R2O (ps):                         0               0               0               0
  I2O (ps):                  no_value        no_value        no_value        no_value
  CG  (ps):                  no_value        no_value        no_value        no_value
Failing Paths:                      0               0               0               0
Cell Area:                     37,515          35,129          34,811          34,811
Total Cell Area:               37,515          35,129          34,811          34,811
Leaf Instances:                   472             444             436             436
Total Instances:                  472             444             436             436
Utilization (%):                 0.00            0.00            0.00            0.00
Tot. Net Length (um):        no_value        no_value        no_value        no_value
Avg. Net Length (um):        no_value        no_value        no_value        no_value
Route Overflow H (%):        no_value        no_value        no_value        no_value
Route Overflow V (%):        no_value        no_value        no_value        no_value
MBCI(%) (bits/gate) :            0.00            0.00            0.00            0.00
Norm Cong Hotspot Area:
  Max Cong:                  no_value        no_value        no_value        no_value
  Tot Cong:                  no_value        no_value        no_value        no_value
==========================================================================================
CPU  Runtime (h:m:s):        00:30:12        00:30:10        00:30:02        00:30:00
Real Runtime (h:m:s):        00:30:39        00:30:04        00:30:02        00:30:00
CPU  Elapsed (h:m:s):        00:30:18        00:30:27        00:30:29        00:30:29
Real Elapsed (h:m:s):        00:30:40        00:30:44        00:30:46        00:30:46
Memory (MB):                  1656.12         1671.04         1671.86         1679.87
==========================================================================================
==========================================================================================
Flow Settings:
==========================================================================================
Total Runtime (h:m:s): 00:30:45
Total Memory (MB):     1679.87
Executable Version:    21.18-s082_1
==========================================================================================
Total Cell Area =  Cell Area + Physical Cell Area
Total Instances =  Leaf Instances + Physical Instances


